{
 "edges": [
  {
   "kind": "ic",
   "key": "bb_width|1h|resid",
   "W1": {
    "ic": -0.0463,
    "t": -3.82,
    "n": 336
   },
   "W2": {
    "ic": -0.0416,
    "t": -3.62,
    "n": 342
   },
   "L3": {
    "ic": -0.0606,
    "t": -2.29,
    "n": 71
   }
  },
  {
   "kind": "ic",
   "key": "nr7|24h|raw",
   "W1": {
    "ic": -0.0221,
    "t": -2.26,
    "n": 243
   },
   "W2": {
    "ic": -0.0188,
    "t": -2.0,
    "n": 238
   },
   "L3": {
    "ic": -0.0123,
    "t": -0.7,
    "n": 32
   }
  },
  {
   "kind": "ic",
   "key": "dist_24h_low|1h|raw",
   "W1": {
    "ic": -0.0372,
    "t": -2.13,
    "n": 336
   },
   "W2": {
    "ic": -0.0398,
    "t": -2.21,
    "n": 342
   },
   "L3": {
    "ic": -0.0655,
    "t": -1.71,
    "n": 71
   }
  },
  {
   "kind": "ic",
   "key": "dist_24h_low|1h|resid",
   "W1": {
    "ic": -0.0467,
    "t": -3.83,
    "n": 336
   },
   "W2": {
    "ic": -0.0473,
    "t": -3.76,
    "n": 342
   },
   "L3": {
    "ic": -0.0651,
    "t": -2.22,
    "n": 71
   }
  },
  {
   "kind": "ic",
   "key": "dist_72h_low|1h|resid",
   "W1": {
    "ic": -0.0447,
    "t": -3.68,
    "n": 336
   },
   "W2": {
    "ic": -0.0506,
    "t": -4.28,
    "n": 342
   },
   "L3": {
    "ic": -0.0651,
    "t": -2.52,
    "n": 71
   }
  },
  {
   "kind": "ic",
   "key": "dist_prev_day_low|1h|resid",
   "W1": {
    "ic": -0.0352,
    "t": -2.73,
    "n": 336
   },
   "W2": {
    "ic": -0.0477,
    "t": -3.75,
    "n": 342
   },
   "L3": {
    "ic": -0.0891,
    "t": -3.09,
    "n": 71
   }
  },
  {
   "kind": "ic",
   "key": "btc_resid_1h|4h|raw",
   "W1": {
    "ic": -0.0428,
    "t": -2.96,
    "n": 336
   },
   "W2": {
    "ic": -0.0381,
    "t": -2.65,
    "n": 339
   },
   "L3": {
    "ic": -0.0648,
    "t": -2.38,
    "n": 68
   }
  },
  {
   "kind": "ic",
   "key": "btc_resid_4h|1h|raw",
   "W1": {
    "ic": -0.0608,
    "t": -4.13,
    "n": 336
   },
   "W2": {
    "ic": -0.0351,
    "t": -2.46,
    "n": 342
   },
   "L3": {
    "ic": -0.0766,
    "t": -2.72,
    "n": 71
   }
  },
  {
   "kind": "ic",
   "key": "mom_1h|4h|raw",
   "W1": {
    "ic": -0.0451,
    "t": -3.0,
    "n": 336
   },
   "W2": {
    "ic": -0.0344,
    "t": -2.27,
    "n": 339
   },
   "L3": {
    "ic": -0.0545,
    "t": -2.1,
    "n": 68
   }
  },
  {
   "kind": "ic",
   "key": "mom_4h|1h|raw",
   "W1": {
    "ic": -0.0603,
    "t": -3.94,
    "n": 336
   },
   "W2": {
    "ic": -0.0398,
    "t": -2.7,
    "n": 342
   },
   "L3": {
    "ic": -0.0759,
    "t": -2.53,
    "n": 71
   }
  }
 ],
 "controls": {
  "future_feature_t": [
   NaN,
   NaN
  ],
  "week_lag_passing": "1 of 276",
  "random_ic_passing": "1 of 120",
  "random_event_passing": "1 of 780",
  "real_ic_tests": 276,
  "real_event_tests": 39
 }
}
exit 0
